warning: unused import: `quote::quote`
 --> /Users/zxl/Sites/rust/UI/css-in-rust/css-in-rust-macros/src/css_macro.rs:3:5
  |
3 | use quote::quote;
  |     ^^^^^^^^^^^^
  |
  = note: `#[warn(unused_imports)]` on by default

warning: function `parse_responsive_variant` is never used
   --> /Users/zxl/Sites/rust/UI/css-in-rust/css-in-rust-macros/src/theme_variants.rs:145:4
    |
145 | fn parse_responsive_variant(input: &str) -> Option<(String, &str)> {
    |    ^^^^^^^^^^^^^^^^^^^^^^^^
    |
    = note: `#[warn(dead_code)]` on by default

warning: function `parse_pseudo_variant` is never used
   --> /Users/zxl/Sites/rust/UI/css-in-rust/css-in-rust-macros/src/theme_variants.rs:158:4
    |
158 | fn parse_pseudo_variant(input: &str) -> Option<(String, &str)> {
    |    ^^^^^^^^^^^^^^^^^^^^

warning: function `get_media_query_for_variant` is never used
   --> /Users/zxl/Sites/rust/UI/css-in-rust/css-in-rust-macros/src/theme_variants.rs:187:4
    |
187 | fn get_media_query_for_variant(variant: &str) -> String {
    |    ^^^^^^^^^^^^^^^^^^^^^^^^^^^

warning: struct `Document` is never constructed
  --> /Users/zxl/Sites/rust/UI/css-in-rust/css-in-rust-macros/src/wasm_types.rs:50:16
   |
50 |     pub struct Document;
   |                ^^^^^^^^

warning: function `css_class_impl` is never used
  --> /Users/zxl/Sites/rust/UI/css-in-rust/css-in-rust-macros/src/css_macro.rs:28:8
   |
28 | pub fn css_class_impl(input: TokenStream) -> TokenStream {
   |        ^^^^^^^^^^^^^^

warning: function `css_multi_if_impl` is never used
  --> /Users/zxl/Sites/rust/UI/css-in-rust/css-in-rust-macros/src/css_macro.rs:37:8
   |
37 | pub fn css_multi_if_impl(input: TokenStream) -> TokenStream {
   |        ^^^^^^^^^^^^^^^^^

warning: `css-in-rust-macros` (lib) generated 7 warnings (run `cargo fix --lib -p css-in-rust-macros` to apply 1 suggestion)
/Users/zxl/Sites/rust/UI/css-in-rust/css-in-rust/src/dev_experience/diagnostics.rs:8:5: warning: unused import: `std::thread`
/Users/zxl/Sites/rust/UI/css-in-rust/css-in-rust/src/dev_experience/diagnostics.rs:9:17: warning: unused imports: `Duration` and `Instant`
/Users/zxl/Sites/rust/UI/css-in-rust/css-in-rust/src/hot_reload/mod.rs:5:33: warning: unused import: `HashSet`
/Users/zxl/Sites/rust/UI/css-in-rust/css-in-rust/src/hot_reload/mod.rs:6:5: warning: unused import: `std::fs`
/Users/zxl/Sites/rust/UI/css-in-rust/css-in-rust/src/hot_reload/reload_manager.rs:6:5: warning: unused import: `std::fs`
/Users/zxl/Sites/rust/UI/css-in-rust/css-in-rust/src/hot_reload/reload_manager.rs:7:17: warning: unused import: `Path`
/Users/zxl/Sites/rust/UI/css-in-rust/css-in-rust/src/hot_reload/reload_manager.rs:13:46: warning: unused import: `ChangeType`
/Users/zxl/Sites/rust/UI/css-in-rust/css-in-rust/src/performance/cache.rs:12:15: warning: unused imports: `Read`, `Write`, and `self`
/Users/zxl/Sites/rust/UI/css-in-rust/css-in-rust/src/performance/cache.rs:13:17: warning: unused import: `Path`
/Users/zxl/Sites/rust/UI/css-in-rust/css-in-rust/src/performance/mod.rs:16:27: warning: unused import: `Instant`
/Users/zxl/Sites/rust/UI/css-in-rust/css-in-rust/src/hot_reload/websocket_server.rs:570:17: warning: use of deprecated function `base64::encode`: Use Engine::encode
/Users/zxl/Sites/rust/UI/css-in-rust/css-in-rust/src/theme/core/css/component_style.rs:212:70: warning: unused variable: `theme`: help: if this is intentional, prefix it with an underscore: `_theme`
/Users/zxl/Sites/rust/UI/css-in-rust/css-in-rust/src/theme/core/css/pipeline.rs:211:21: warning: unused variable: `cache_manager`: help: if this is intentional, prefix it with an underscore: `_cache_manager`
/Users/zxl/Sites/rust/UI/css-in-rust/css-in-rust/src/theme/core/css/pipeline.rs:446:13: warning: variable does not need to be mutable
/Users/zxl/Sites/rust/UI/css-in-rust/css-in-rust/src/dev_experience/code_completion.rs:1022:5: warning: variant `Snippet` is never constructed
/Users/zxl/Sites/rust/UI/css-in-rust/css-in-rust/src/dev_experience/code_completion.rs:1035:5: warning: fields `line` and `position_in_line` are never read
/Users/zxl/Sites/rust/UI/css-in-rust/css-in-rust/src/hot_reload/mod.rs:221:5: warning: field `change_detector` is never read
/Users/zxl/Sites/rust/UI/css-in-rust/css-in-rust/src/hot_reload/change_detector.rs:286:5: warning: field `content_hash` is never read
/Users/zxl/Sites/rust/UI/css-in-rust/css-in-rust/src/hot_reload/file_watcher.rs:142:5: warning: field `permissions` is never read
/Users/zxl/Sites/rust/UI/css-in-rust/css-in-rust/src/hot_reload/reload_manager.rs:138:5: warning: fields `id` and `created_at` are never read
/Users/zxl/Sites/rust/UI/css-in-rust/css-in-rust/src/hot_reload/websocket_server.rs:133:5: warning: fields `id`, `user_agent`, `current_url`, and `authenticated` are never read
/Users/zxl/Sites/rust/UI/css-in-rust/css-in-rust/src/hot_reload/websocket_server.rs:162:8: warning: method `update_activity` is never used
/Users/zxl/Sites/rust/UI/css-in-rust/css-in-rust/src/hot_reload/websocket_server.rs:254:8: warning: method `record_message_received` is never used
/Users/zxl/Sites/rust/UI/css-in-rust/css-in-rust/src/performance/mod.rs:53:5: warning: fields `config` and `incremental_compiler` are never read
/Users/zxl/Sites/rust/UI/css-in-rust/css-in-rust/src/theme/core/css/variables.rs:41:5: warning: field `variables` is never read
/Users/zxl/Sites/rust/UI/css-in-rust/css-in-rust/src/theme/core/ssr/hydration.rs:63:5: warning: field `config` is never read
/Users/zxl/Sites/rust/UI/css-in-rust/css-in-rust/src/theme/core/transform/px2rem.rs:47:5: warning: field `media_query` is never read
/Users/zxl/Sites/rust/UI/css-in-rust/css-in-rust/src/variants/responsive.rs:46:5: warning: field `mobile_first` is never read
/Users/zxl/Sites/rust/UI/css-in-rust/css-in-rust/src/variants/variant_resolver.rs:554:8: warning: method `get_applied_breakpoints` is never used
/Users/zxl/Sites/rust/UI/css-in-rust/css-in-rust/src/variants/mod.rs:214:9: warning: creating a mutable reference to mutable static: mutable reference to mutable static
warning: `css-in-rust` (lib) generated 30 warnings (run `cargo fix --lib -p css-in-rust` to apply 11 suggestions)
    Checking ant-design-dioxus v0.1.0 (/Users/zxl/Sites/rust/UI/ant-design-dioxus/output)
error[E0761]: file for module `styles` found at both "src/components/button/styles.rs" and "src/components/button/styles/mod.rs"
  --> src/components/button/mod.rs:39:1
   |
39 | mod styles;
   | ^^^^^^^^^^^
   |
   = help: delete or rename one of them to remove the ambiguity

error[E0583]: file not found for module `examples`
  --> src/components/alert/mod.rs:34:1
   |
34 | pub mod examples;
   | ^^^^^^^^^^^^^^^^^
   |
   = help: to create the module `examples`, create file "src/components/alert/examples.rs" or "src/components/alert/examples/mod.rs"
   = note: if there is a `mod examples` elsewhere in the crate already, import it with `use crate::...` instead

error[E0433]: failed to resolve: use of unresolved module or unlinked crate `gloo_timers`
 --> src/components/alert/component.rs:7:5
  |
7 | use gloo_timers::future::TimeoutFuture;
  |     ^^^^^^^^^^^ use of unresolved module or unlinked crate `gloo_timers`
  |
  = help: if you wanted to use a crate named `gloo_timers`, use `cargo add gloo_timers` to add it to your `Cargo.toml`

error[E0432]: unresolved import `crate::utils::class_names::merge_class_names`
  --> src/components/alert/component.rs:13:5
   |
13 | use crate::utils::class_names::merge_class_names;
   |     ^^^^^^^^^^^^^^^^^^^^^^^^^^^^^^^^^^^^^^^^^^^^ no `merge_class_names` in `utils::class_names`

error[E0433]: failed to resolve: use of unresolved module or unlinked crate `gloo_timers`
  --> src/components/alert/component.rs:50:21
   |
50 |                     gloo_timers::future::TimeoutFuture::new(animation_duration.as_millis() as u32)
   |                     ^^^^^^^^^^^ use of unresolved module or unlinked crate `gloo_timers`
   |
   = help: if you wanted to use a crate named `gloo_timers`, use `cargo add gloo_timers` to add it to your `Cargo.toml`

error[E0433]: failed to resolve: use of unresolved module or unlinked crate `gloo_timers`
  --> src/components/alert/component.rs:74:21
   |
74 |                     gloo_timers::future::TimeoutFuture::new(animation_duration.as_millis() as u32)
   |                     ^^^^^^^^^^^ use of unresolved module or unlinked crate `gloo_timers`
   |
   = help: if you wanted to use a crate named `gloo_timers`, use `cargo add gloo_timers` to add it to your `Cargo.toml`

error[E0433]: failed to resolve: use of unresolved module or unlinked crate `gloo_timers`
   --> src/components/alert/component.rs:183:17
    |
183 |                 gloo_timers::future::TimeoutFuture::new(duration_ms).await;
    |                 ^^^^^^^^^^^ use of unresolved module or unlinked crate `gloo_timers`
    |
    = help: if you wanted to use a crate named `gloo_timers`, use `cargo add gloo_timers` to add it to your `Cargo.toml`

error[E0425]: cannot find function `generate_button_styles` in this scope
  --> src/components/button/component.rs:29:36
   |
29 |     let _styles = use_memo(move || generate_button_styles());
   |                                    ^^^^^^^^^^^^^^^^^^^^^^ not found in this scope
   |
help: consider importing this function through its public re-export
   |
5  + use crate::prelude::generate_button_styles;
   |

error[E0425]: cannot find function `use_token_style` in this scope
   --> src/components/alert/styles.rs:289:31
    |
289 |             let theme_style = use_token_style(base_tokens);
    |                               ^^^^^^^^^^^^^^^ not found in this scope
    |
help: consider importing this function through its public re-export
    |
6   + use crate::theme::use_token_style;
    |

error[E0412]: cannot find type `Style` in this scope
   --> src/components/alert/styles.rs:327:15
    |
327 |     pub base: Style,
    |               ^^^^^ not found in this scope
    |
help: there is an enum variant `css_in_rust::core::cache::CacheValue::Style`; try using the variant's enum
    |
327 -     pub base: Style,
327 +     pub base: css_in_rust::core::cache::CacheValue,
    |

error[E0412]: cannot find type `Style` in this scope
   --> src/components/alert/styles.rs:328:18
    |
328 |     pub message: Style,
    |                  ^^^^^ not found in this scope
    |
help: there is an enum variant `css_in_rust::core::cache::CacheValue::Style`; try using the variant's enum
    |
328 -     pub message: Style,
328 +     pub message: css_in_rust::core::cache::CacheValue,
    |

error[E0412]: cannot find type `Style` in this scope
   --> src/components/alert/styles.rs:329:22
    |
329 |     pub description: Style,
    |                      ^^^^^ not found in this scope
    |
help: there is an enum variant `css_in_rust::core::cache::CacheValue::Style`; try using the variant's enum
    |
329 -     pub description: Style,
329 +     pub description: css_in_rust::core::cache::CacheValue,
    |

error[E0412]: cannot find type `Style` in this scope
   --> src/components/alert/styles.rs:330:15
    |
330 |     pub icon: Style,
    |               ^^^^^ not found in this scope
    |
help: there is an enum variant `css_in_rust::core::cache::CacheValue::Style`; try using the variant's enum
    |
330 -     pub icon: Style,
330 +     pub icon: css_in_rust::core::cache::CacheValue,
    |

error[E0412]: cannot find type `Style` in this scope
   --> src/components/alert/styles.rs:331:21
    |
331 |     pub close_icon: Style,
    |                     ^^^^^ not found in this scope
    |
help: there is an enum variant `css_in_rust::core::cache::CacheValue::Style`; try using the variant's enum
    |
331 -     pub close_icon: Style,
331 +     pub close_icon: css_in_rust::core::cache::CacheValue,
    |

error[E0412]: cannot find type `Style` in this scope
   --> src/components/alert/styles.rs:332:17
    |
332 |     pub action: Style,
    |                 ^^^^^ not found in this scope
    |
help: there is an enum variant `css_in_rust::core::cache::CacheValue::Style`; try using the variant's enum
    |
332 -     pub action: Style,
332 +     pub action: css_in_rust::core::cache::CacheValue,
    |

error[E0412]: cannot find type `Style` in this scope
   --> src/components/alert/styles.rs:338:18
    |
338 |     pub success: Style,
    |                  ^^^^^ not found in this scope
    |
help: there is an enum variant `css_in_rust::core::cache::CacheValue::Style`; try using the variant's enum
    |
338 -     pub success: Style,
338 +     pub success: css_in_rust::core::cache::CacheValue,
    |

error[E0412]: cannot find type `Style` in this scope
   --> src/components/alert/styles.rs:339:15
    |
339 |     pub info: Style,
    |               ^^^^^ not found in this scope
    |
help: there is an enum variant `css_in_rust::core::cache::CacheValue::Style`; try using the variant's enum
    |
339 -     pub info: Style,
339 +     pub info: css_in_rust::core::cache::CacheValue,
    |

error[E0412]: cannot find type `Style` in this scope
   --> src/components/alert/styles.rs:340:18
    |
340 |     pub warning: Style,
    |                  ^^^^^ not found in this scope
    |
help: there is an enum variant `css_in_rust::core::cache::CacheValue::Style`; try using the variant's enum
    |
340 -     pub warning: Style,
340 +     pub warning: css_in_rust::core::cache::CacheValue,
    |

error[E0412]: cannot find type `Style` in this scope
   --> src/components/alert/styles.rs:341:16
    |
341 |     pub error: Style,
    |                ^^^^^ not found in this scope
    |
help: there is an enum variant `css_in_rust::core::cache::CacheValue::Style`; try using the variant's enum
    |
341 -     pub error: Style,
341 +     pub error: css_in_rust::core::cache::CacheValue,
    |

error[E0412]: cannot find type `Style` in this scope
   --> src/components/alert/styles.rs:347:16
    |
347 |     pub small: Style,
    |                ^^^^^ not found in this scope
    |
help: there is an enum variant `css_in_rust::core::cache::CacheValue::Style`; try using the variant's enum
    |
347 -     pub small: Style,
347 +     pub small: css_in_rust::core::cache::CacheValue,
    |

error[E0412]: cannot find type `Style` in this scope
   --> src/components/alert/styles.rs:348:18
    |
348 |     pub default: Style,
    |                  ^^^^^ not found in this scope
    |
help: there is an enum variant `css_in_rust::core::cache::CacheValue::Style`; try using the variant's enum
    |
348 -     pub default: Style,
348 +     pub default: css_in_rust::core::cache::CacheValue,
    |

error[E0412]: cannot find type `Style` in this scope
   --> src/components/alert/styles.rs:349:16
    |
349 |     pub large: Style,
    |                ^^^^^ not found in this scope
    |
help: there is an enum variant `css_in_rust::core::cache::CacheValue::Style`; try using the variant's enum
    |
349 -     pub large: Style,
349 +     pub large: css_in_rust::core::cache::CacheValue,
    |

error[E0412]: cannot find type `Style` in this scope
   --> src/components/alert/styles.rs:355:17
    |
355 |     pub filled: Style,
    |                 ^^^^^ not found in this scope
    |
help: there is an enum variant `css_in_rust::core::cache::CacheValue::Style`; try using the variant's enum
    |
355 -     pub filled: Style,
355 +     pub filled: css_in_rust::core::cache::CacheValue,
    |

error[E0412]: cannot find type `Style` in this scope
   --> src/components/alert/styles.rs:356:19
    |
356 |     pub outlined: Style,
    |                   ^^^^^ not found in this scope
    |
help: there is an enum variant `css_in_rust::core::cache::CacheValue::Style`; try using the variant's enum
    |
356 -     pub outlined: Style,
356 +     pub outlined: css_in_rust::core::cache::CacheValue,
    |

error[E0412]: cannot find type `Style` in this scope
   --> src/components/alert/styles.rs:362:20
    |
362 |     pub with_icon: Style,
    |                    ^^^^^ not found in this scope
    |
help: there is an enum variant `css_in_rust::core::cache::CacheValue::Style`; try using the variant's enum
    |
362 -     pub with_icon: Style,
362 +     pub with_icon: css_in_rust::core::cache::CacheValue,
    |

error[E0412]: cannot find type `Style` in this scope
   --> src/components/alert/styles.rs:363:27
    |
363 |     pub with_description: Style,
    |                           ^^^^^ not found in this scope
    |
help: there is an enum variant `css_in_rust::core::cache::CacheValue::Style`; try using the variant's enum
    |
363 -     pub with_description: Style,
363 +     pub with_description: css_in_rust::core::cache::CacheValue,
    |

error[E0412]: cannot find type `Style` in this scope
   --> src/components/alert/styles.rs:364:19
    |
364 |     pub closable: Style,
    |                   ^^^^^ not found in this scope
    |
help: there is an enum variant `css_in_rust::core::cache::CacheValue::Style`; try using the variant's enum
    |
364 -     pub closable: Style,
364 +     pub closable: css_in_rust::core::cache::CacheValue,
    |

error[E0412]: cannot find type `Style` in this scope
   --> src/components/alert/styles.rs:365:17
    |
365 |     pub banner: Style,
    |                 ^^^^^ not found in this scope
    |
help: there is an enum variant `css_in_rust::core::cache::CacheValue::Style`; try using the variant's enum
    |
365 -     pub banner: Style,
365 +     pub banner: css_in_rust::core::cache::CacheValue,
    |

error[E0412]: cannot find type `Style` in this scope
   --> src/components/alert/styles.rs:366:20
    |
366 |     pub no_border: Style,
    |                    ^^^^^ not found in this scope
    |
help: there is an enum variant `css_in_rust::core::cache::CacheValue::Style`; try using the variant's enum
    |
366 -     pub no_border: Style,
366 +     pub no_border: css_in_rust::core::cache::CacheValue,
    |

error[E0412]: cannot find type `Style` in this scope
   --> src/components/alert/styles.rs:367:19
    |
367 |     pub disabled: Style,
    |                   ^^^^^ not found in this scope
    |
help: there is an enum variant `css_in_rust::core::cache::CacheValue::Style`; try using the variant's enum
    |
367 -     pub disabled: Style,
367 +     pub disabled: css_in_rust::core::cache::CacheValue,
    |

error[E0412]: cannot find type `Style` in this scope
   --> src/components/alert/styles.rs:368:17
    |
368 |     pub hidden: Style,
    |                 ^^^^^ not found in this scope
    |
help: there is an enum variant `css_in_rust::core::cache::CacheValue::Style`; try using the variant's enum
    |
368 -     pub hidden: Style,
368 +     pub hidden: css_in_rust::core::cache::CacheValue,
    |

warning: unused import: `super::styles::*`
 --> src/components/button/component.rs:7:5
  |
7 | use super::styles::*;
  |     ^^^^^^^^^^^^^^^^
  |
  = note: `#[warn(unused_imports)]` on by default

warning: unexpected `cfg` condition value: `examples`
  --> src/components/divider/mod.rs:36:7
   |
36 | #[cfg(feature = "examples")]
   |       ^^^^^^^^^^^^^^^^^^^^ help: remove the condition
   |
   = note: no expected values for `feature`
   = help: consider adding `examples` as a feature in `Cargo.toml`
   = note: see <https://doc.rust-lang.org/nightly/rustc/check-cfg/cargo-specifics.html> for more information about checking conditional configuration
   = note: `#[warn(unexpected_cfgs)]` on by default

warning: unexpected `cfg` condition value: `examples`
  --> src/components/tag/mod.rs:35:7
   |
35 | #[cfg(feature = "examples")]
   |       ^^^^^^^^^^^^^^^^^^^^ help: remove the condition
   |
   = note: no expected values for `feature`
   = help: consider adding `examples` as a feature in `Cargo.toml`
   = note: see <https://doc.rust-lang.org/nightly/rustc/check-cfg/cargo-specifics.html> for more information about checking conditional configuration

warning: unused import: `LocaleContext`
  --> src/components/alert/component.rs:11:33
   |
11 | use crate::locale::{use_locale, LocaleContext};
   |                                 ^^^^^^^^^^^^^

warning: unused imports: `use_compact_mode`, `use_dark_mode`, `use_responsive`, and `use_theme`
 --> src/components/alert/styles.rs:7:20
  |
7 | use crate::theme::{use_theme, use_component_style, use_dark_mode, use_compact_mode, use_responsive};
  |                    ^^^^^^^^^                       ^^^^^^^^^^^^^  ^^^^^^^^^^^^^^^^  ^^^^^^^^^^^^^^

warning: ambiguous glob re-exports
  --> src/components/alert/mod.rs:36:9
   |
36 | pub use component::*;
   |         ^^^^^^^^^^^^ the name `ErrorBoundaryAlertProps` in the type namespace is first re-exported here
37 | pub use types::*;
   |         -------- but the name `ErrorBoundaryAlertProps` in the type namespace is also re-exported here
   |
   = note: `#[warn(ambiguous_glob_reexports)]` on by default

warning: ambiguous glob re-exports
  --> src/components/alert/mod.rs:36:9
   |
36 | pub use component::*;
   |         ^^^^^^^^^^^^ the name `ErrorBoundaryAlertPropsBuilder` in the type namespace is first re-exported here
37 | pub use types::*;
   |         -------- but the name `ErrorBoundaryAlertPropsBuilder` in the type namespace is also re-exported here

warning: ambiguous glob re-exports
  --> src/components/alert/mod.rs:36:9
   |
36 | pub use component::*;
   |         ^^^^^^^^^^^^ the name `ErrorBoundaryAlertPropsBuilder_Optional` in the type namespace is first re-exported here
37 | pub use types::*;
   |         -------- but the name `ErrorBoundaryAlertPropsBuilder_Optional` in the type namespace is also re-exported here

warning: ambiguous glob re-exports
  --> src/components/alert/mod.rs:36:9
   |
36 | pub use component::*;
   |         ^^^^^^^^^^^^ the name `ErrorBoundaryAlertPropsBuilder_Error_Repeated_field_class` in the type namespace is first re-exported here
37 | pub use types::*;
   |         -------- but the name `ErrorBoundaryAlertPropsBuilder_Error_Repeated_field_class` in the type namespace is also re-exported here

warning: ambiguous glob re-exports
  --> src/components/alert/mod.rs:36:9
   |
36 | pub use component::*;
   |         ^^^^^^^^^^^^ the name `ErrorBoundaryAlertPropsBuilder_Error_Repeated_field_style` in the type namespace is first re-exported here
37 | pub use types::*;
   |         -------- but the name `ErrorBoundaryAlertPropsBuilder_Error_Repeated_field_style` in the type namespace is also re-exported here

warning: ambiguous glob re-exports
  --> src/components/alert/mod.rs:36:9
   |
36 | pub use component::*;
   |         ^^^^^^^^^^^^ the name `ErrorBoundaryAlertPropsWithOwner` in the type namespace is first re-exported here
37 | pub use types::*;
   |         -------- but the name `ErrorBoundaryAlertPropsWithOwner` in the type namespace is also re-exported here

warning: ambiguous glob re-exports
  --> src/components/mod.rs:86:9
   |
86 | pub use alert::*;
   |         ^^^^^^^^ the name `OnCloseCallback` in the type namespace is first re-exported here
...
89 | pub use tag::*;
   |         ------ but the name `OnCloseCallback` in the type namespace is also re-exported here

warning: ambiguous glob re-exports
  --> src/components/mod.rs:87:9
   |
87 | pub use button::*;
   |         ^^^^^^^^^ the name `VariantStyles` in the type namespace is first re-exported here
88 | pub use divider::*;
   |         ---------- but the name `VariantStyles` in the type namespace is also re-exported here

warning: unused import: `dioxus::prelude::*`
  --> src/components/mod.rs:93:9
   |
93 |     use dioxus::prelude::*;
   |         ^^^^^^^^^^^^^^^^^^

warning: unused import: `css_in_rust::css`
 --> src/config_provider/mod.rs:6:5
  |
6 | use css_in_rust::css;
  |     ^^^^^^^^^^^^^^^^

warning: unused import: `LocaleConfig`
  --> src/config_provider/mod.rs:11:29
   |
11 | use crate::locale::{Locale, LocaleConfig};
   |                             ^^^^^^^^^^^^

warning: ambiguous glob re-exports
  --> src/prelude.rs:9:9
   |
9  | pub use crate::components::*;
   |         ^^^^^^^^^^^^^^^^^^^^ the name `styles` in the type namespace is first re-exported here
...
27 | pub use crate::shared::*;
   |         ---------------- but the name `styles` in the type namespace is also re-exported here

warning: ambiguous glob re-exports
  --> src/prelude.rs:9:9
   |
9  | pub use crate::components::*;
   |         ^^^^^^^^^^^^^^^^^^^^ the name `Size` in the type namespace is first re-exported here
...
15 | pub use crate::theme::*;
   |         --------------- but the name `Size` in the type namespace is also re-exported here

warning: ambiguous glob re-exports
  --> src/prelude.rs:12:9
   |
12 | pub use crate::config_provider::*;
   |         ^^^^^^^^^^^^^^^^^^^^^^^^^ the name `use_component_size` in the value namespace is first re-exported here
...
15 | pub use crate::theme::*;
   |         --------------- but the name `use_component_size` in the value namespace is also re-exported here

warning: ambiguous glob re-exports
  --> src/prelude.rs:15:9
   |
15 | pub use crate::theme::*;
   |         ^^^^^^^^^^^^^^^ the name `tokens` in the type namespace is first re-exported here
...
27 | pub use crate::shared::*;
   |         ---------------- but the name `tokens` in the type namespace is also re-exported here

warning: ambiguous glob re-exports
  --> src/prelude.rs:27:9
   |
15 | pub use crate::theme::*;
   |         --------------- but the name `dark_theme` in the value namespace is also re-exported here
...
27 | pub use crate::shared::*;
   |         ^^^^^^^^^^^^^^^^ the name `dark_theme` in the value namespace is first re-exported here

warning: unused imports: `Deserialize` and `Serialize`
 --> src/theme/mod.rs:7:13
  |
7 | use serde::{Deserialize, Serialize};
  |             ^^^^^^^^^^^  ^^^^^^^^^

warning: unused import: `std::sync::Arc`
 --> src/theme/mod.rs:9:5
  |
9 | use std::sync::Arc;
  |     ^^^^^^^^^^^^^^

warning: unused import: `css_in_rust::theme_bridge::ThemeBridge`
 --> src/theme/provider/mod.rs:5:5
  |
5 | use css_in_rust::theme_bridge::ThemeBridge;
  |     ^^^^^^^^^^^^^^^^^^^^^^^^^^^^^^^^^^^^^^

warning: unused import: `CssVariablesOptions`
  --> src/theme/provider/mod.rs:10:29
   |
10 | use super::css_vars::{self, CssVariablesOptions};
   |                             ^^^^^^^^^^^^^^^^^^^

warning: ambiguous glob re-exports
  --> src/theme/mod.rs:59:9
   |
59 | pub use algorithm::*;
   |         ^^^^^^^^^^^^ the name `adjust_saturation` in the value namespace is first re-exported here
60 | pub use color_utils::*;
   |         -------------- but the name `adjust_saturation` in the value namespace is also re-exported here

warning: ambiguous glob re-exports
  --> src/theme/mod.rs:63:9
   |
63 | pub use hooks::*;
   |         ^^^^^^^^ the name `use_css_var_name` in the value namespace is first re-exported here
64 | pub use presets::*;
65 | pub use provider::*;
   |         ----------- but the name `use_css_var_name` in the value namespace is also re-exported here

warning: unused import: `wasm_bindgen::JsCast`
 --> src/utils/style_injector.rs:8:5
  |
8 | use wasm_bindgen::JsCast;
  |     ^^^^^^^^^^^^^^^^^^^^

warning: unexpected `cfg` condition value: `web`
  --> src/lib.rs:51:11
   |
51 |     #[cfg(feature = "web")]
   |           ^^^^^^^^^^^^^^^ help: remove the condition
   |
   = note: no expected values for `feature`
   = help: consider adding `web` as a feature in `Cargo.toml`
   = note: see <https://doc.rust-lang.org/nightly/rustc/check-cfg/cargo-specifics.html> for more information about checking conditional configuration

warning: variable does not need to be mutable
   --> src/hooks/mod.rs:503:9
    |
503 |     let mut is_pressed = use_signal(|| false);
    |         ----^^^^^^^^^^
    |         |
    |         help: remove this `mut`
    |
    = note: `#[warn(unused_mut)]` on by default

warning: unused variable: `locale_context`
   --> src/locale/mod.rs:873:9
    |
873 |     let locale_context = use_locale();
    |         ^^^^^^^^^^^^^^ help: if this is intentional, prefix it with an underscore: `_locale_context`
    |
    = note: `#[warn(unused_variables)]` on by default

warning: unused variable: `locale_context`
   --> src/locale/mod.rs:882:9
    |
882 |     let locale_context = use_locale();
    |         ^^^^^^^^^^^^^^ help: if this is intentional, prefix it with an underscore: `_locale_context`

warning: unused variable: `locale_context`
   --> src/locale/mod.rs:889:9
    |
889 |     let locale_context = use_locale();
    |         ^^^^^^^^^^^^^^ help: if this is intentional, prefix it with an underscore: `_locale_context`

warning: unused variable: `locale_context`
   --> src/locale/mod.rs:896:9
    |
896 |     let locale_context = use_locale();
    |         ^^^^^^^^^^^^^^ help: if this is intentional, prefix it with an underscore: `_locale_context`

warning: unused variable: `locale_context`
   --> src/locale/mod.rs:928:9
    |
928 |     let locale_context = use_locale();
    |         ^^^^^^^^^^^^^^ help: if this is intentional, prefix it with an underscore: `_locale_context`

error[E0560]: struct `AlertAnimationStyles` has no field named `enter`
   --> src/components/alert/styles.rs:608:9
    |
608 |         enter: css!("
    |         ^^^^^ `AlertAnimationStyles` does not have this field
    |
    = note: available fields are: `entering`, `exiting`

error[E0560]: struct `AlertAnimationStyles` has no field named `enter_active`
   --> src/components/alert/styles.rs:615:9
    |
615 |         enter_active: css!("
    |         ^^^^^^^^^^^^ `AlertAnimationStyles` does not have this field
    |
    = note: available fields are: `entering`, `exiting`

error[E0560]: struct `AlertAnimationStyles` has no field named `exit`
   --> src/components/alert/styles.rs:622:9
    |
622 |         exit: css!("
    |         ^^^^ `AlertAnimationStyles` does not have this field
    |
    = note: available fields are: `entering`, `exiting`

error[E0560]: struct `AlertAnimationStyles` has no field named `exit_active`
   --> src/components/alert/styles.rs:628:9
    |
628 |         exit_active: css!("
    |         ^^^^^^^^^^^ `AlertAnimationStyles` does not have this field
    |
    = note: available fields are: `entering`, `exiting`

warning: unused import: `dioxus::prelude`
 --> src/theme/mod.rs:6:5
  |
6 | use dioxus::prelude::*;
  |     ^^^^^^^^^^^^^^^

warning: unused import: `dioxus::prelude`
 --> src/theme/hooks/mod.rs:5:5
  |
5 | use dioxus::prelude::*;
  |     ^^^^^^^^^^^^^^^

warning: unused variable: `props`
   --> src/components/button/component.rs:188:27
    |
188 | fn get_button_group_style(props: &ButtonGroupProps) -> Option<String> {
    |                           ^^^^^ help: if this is intentional, prefix it with an underscore: `_props`

warning: unused variable: `theme`
  --> src/components/divider/component.rs:42:9
   |
42 |     let theme = use_theme();
   |         ^^^^^ help: if this is intentional, prefix it with an underscore: `_theme`

warning: unused variable: `styles`
  --> src/components/divider/component.rs:69:9
   |
69 |     let styles = generate_divider_styles();
   |         ^^^^^^ help: if this is intentional, prefix it with an underscore: `_styles`

warning: unused variable: `margin_style`
   --> src/components/divider/component.rs:100:25
    |
100 |             if let Some(margin_style) = style_generator_clone.generate_orientation_margin_style() {
    |                         ^^^^^^^^^^^^ help: if this is intentional, prefix it with an underscore: `_margin_style`

warning: unused variable: `theme`
  --> src/components/tag/component.rs:42:9
   |
42 |     let theme = use_theme();
   |         ^^^^^ help: if this is intentional, prefix it with an underscore: `_theme`

warning: unused variable: `styles`
  --> src/components/tag/component.rs:62:9
   |
62 |     let styles = generate_tag_styles();
   |         ^^^^^^ help: if this is intentional, prefix it with an underscore: `_styles`

warning: unused variable: `style_generator_clone`
  --> src/components/tag/component.rs:66:13
   |
66 |         let style_generator_clone = style_generator.clone();
   |             ^^^^^^^^^^^^^^^^^^^^^ help: if this is intentional, prefix it with an underscore: `_style_generator_clone`

error[E0507]: cannot move out of `color.0`, as `color` is a captured variable in an `FnMut` closure
  --> src/components/tag/component.rs:82:19
   |
67 |         let color = props.color.clone();
   |             ----- captured outer variable
...
71 |         use_effect(move || {
   |                    ------- captured by this `FnMut` closure
...
82 |             match color {
   |                   ^^^^^
...
89 |                 TagColor::Preset(preset) => {
   |                                  ------
   |                                  |
   |                                  data moved here
   |                                  move occurs because `preset` has type `tag::types::TagPresetColor`, which does not implement the `Copy` trait
   |
help: consider borrowing here
   |
82 |             match &color {
   |                   +

warning: unused variable: `theme`
   --> src/components/tag/component.rs:210:9
    |
210 |     let theme = use_theme();
    |         ^^^^^ help: if this is intentional, prefix it with an underscore: `_theme`

warning: unused variable: `styles`
   --> src/components/tag/component.rs:218:9
    |
218 |     let styles = generate_tag_styles();
    |         ^^^^^^ help: if this is intentional, prefix it with an underscore: `_styles`

error[E0382]: borrow of moved value
   --> src/components/alert/component.rs:408:40
    |
357 | #[component]
    | ------------ move occurs because value has type `std::option::Option<std::string::String>`, which does not implement the `Copy` trait
...
393 |                 error_details
    |                 ------------- value moved here
...
408 |                     if show_details && error_details.is_some() {
    |                                        ^^^^^^^^^^^^^ value borrowed here after move
    |
help: consider cloning the value if the performance cost is acceptable
    |
393 |                 error_details.clone()
    |                              ++++++++

warning: unused variable: `lines`
  --> src/shared/styles/mixins.rs:38:32
   |
38 | pub fn text_ellipsis_multiline(lines: u32) -> String {
   |                                ^^^^^ help: if this is intentional, prefix it with an underscore: `_lines`

warning: unused variable: `width`
   --> src/shared/styles/mixins.rs:140:25
    |
140 | pub fn custom_scrollbar(width: &str, track_color: &str, thumb_color: &str) -> String {
    |                         ^^^^^ help: if this is intentional, prefix it with an underscore: `_width`

warning: unused variable: `track_color`
   --> src/shared/styles/mixins.rs:140:38
    |
140 | pub fn custom_scrollbar(width: &str, track_color: &str, thumb_color: &str) -> String {
    |                                      ^^^^^^^^^^^ help: if this is intentional, prefix it with an underscore: `_track_color`

warning: unused variable: `thumb_color`
   --> src/shared/styles/mixins.rs:140:57
    |
140 | pub fn custom_scrollbar(width: &str, track_color: &str, thumb_color: &str) -> String {
    |                                                         ^^^^^^^^^^^ help: if this is intentional, prefix it with an underscore: `_thumb_color`

warning: unused variable: `property`
   --> src/shared/styles/mixins.rs:163:19
    |
163 | pub fn transition(property: &str, duration: &str, timing: &str) -> String {
    |                   ^^^^^^^^ help: if this is intentional, prefix it with an underscore: `_property`

warning: unused variable: `duration`
   --> src/shared/styles/mixins.rs:163:35
    |
163 | pub fn transition(property: &str, duration: &str, timing: &str) -> String {
    |                                   ^^^^^^^^ help: if this is intentional, prefix it with an underscore: `_duration`

warning: unused variable: `timing`
   --> src/shared/styles/mixins.rs:163:51
    |
163 | pub fn transition(property: &str, duration: &str, timing: &str) -> String {
    |                                                   ^^^^^^ help: if this is intentional, prefix it with an underscore: `_timing`

warning: unused variable: `color`
   --> src/shared/styles/mixins.rs:197:21
    |
197 | pub fn focus_effect(color: &str) -> String {
    |                     ^^^^^ help: if this is intentional, prefix it with an underscore: `_color`

warning: unused variable: `breakpoint`
   --> src/shared/styles/mixins.rs:249:19
    |
249 | pub fn responsive(breakpoint: &str, styles: &str) -> String {
    |                   ^^^^^^^^^^ help: if this is intentional, prefix it with an underscore: `_breakpoint`

warning: unused variable: `styles`
   --> src/shared/styles/mixins.rs:249:37
    |
249 | pub fn responsive(breakpoint: &str, styles: &str) -> String {
    |                                     ^^^^^^ help: if this is intentional, prefix it with an underscore: `_styles`

warning: unused variable: `styles`
   --> src/shared/styles/mixins.rs:262:19
    |
262 | pub fn dark_theme(styles: &str) -> String {
    |                   ^^^^^^ help: if this is intentional, prefix it with an underscore: `_styles`

warning: unused variable: `styles`
   --> src/shared/styles/mixins.rs:275:28
    |
275 | pub fn high_contrast_theme(styles: &str) -> String {
    |                            ^^^^^^ help: if this is intentional, prefix it with an underscore: `_styles`

warning: unused variable: `styles`
   --> src/shared/styles/mixins.rs:288:23
    |
288 | pub fn reduced_motion(styles: &str) -> String {
    |                       ^^^^^^ help: if this is intentional, prefix it with an underscore: `_styles`

warning: unused variable: `styles`
   --> src/shared/styles/mixins.rs:301:21
    |
301 | pub fn print_styles(styles: &str) -> String {
    |                     ^^^^^^ help: if this is intentional, prefix it with an underscore: `_styles`

warning: unused variable: `seed`
   --> src/theme/algorithm/mod.rs:506:5
    |
506 |     seed: &SeedToken,
    |     ^^^^ help: if this is intentional, prefix it with an underscore: `_seed`

warning: unused variable: `theme_context`
  --> src/theme/hooks/mod.rs:49:9
   |
49 |     let theme_context = use_theme();
   |         ^^^^^^^^^^^^^ help: if this is intentional, prefix it with an underscore: `_theme_context`

warning: unused variable: `sm`
   --> src/theme/hooks/mod.rs:102:5
    |
102 |     sm: Option<T>,
    |     ^^ help: if this is intentional, prefix it with an underscore: `_sm`

warning: unused variable: `md`
   --> src/theme/hooks/mod.rs:103:5
    |
103 |     md: Option<T>,
    |     ^^ help: if this is intentional, prefix it with an underscore: `_md`

warning: unused variable: `lg`
   --> src/theme/hooks/mod.rs:104:5
    |
104 |     lg: Option<T>,
    |     ^^ help: if this is intentional, prefix it with an underscore: `_lg`

warning: unused variable: `xl`
   --> src/theme/hooks/mod.rs:105:5
    |
105 |     xl: Option<T>,
    |     ^^ help: if this is intentional, prefix it with an underscore: `_xl`

warning: unused variable: `xxl`
   --> src/theme/hooks/mod.rs:106:5
    |
106 |     xxl: Option<T>,
    |     ^^^ help: if this is intentional, prefix it with an underscore: `_xxl`

Some errors have detailed explanations: E0382, E0412, E0425, E0432, E0433, E0507, E0560, E0583, E0761.
For more information about an error, try `rustc --explain E0382`.
warning: `ant-design-dioxus` (lib) generated 67 warnings
error: could not compile `ant-design-dioxus` (lib) due to 37 previous errors; 67 warnings emitted
